coverage OK
compile FAIL rc=1: paign-ws/community/src/test/java/com/tainted/community/blackbox/CreatePostBlackBoxTest.java:[192,36] unreported exception java.sql.SQLException; must be caught or declared to be thrown
[ERROR]   exception thrown from implicit call to close() on resource variable 'ps'
[ERROR] /home/baek/temp/campaign-ws/community/src/test/java/com/tainted/community/blackbox/CreatePostBlackBoxTest.java:[194,29] unreported exception java.sql.SQLException; must be caught or declared to be thrown
[ERROR] /home/baek/temp/campaign-ws/community/src/test/java/com/tainted/community/blackbox/CreatePostBlackBoxTest.java:[195,47] unreported exception java.sql.SQLException; must be caught or declared to be thrown
[ERROR] /home/baek/temp/campaign-ws/community/src/test/java/com/tainted/community/blackbox/CreatePostBlackBoxTest.java:[196,35] unreported exception java.sql.SQLException; must be caught or declared to be thrown
[ERROR] /home/baek/temp/campaign-ws/community/src/test/java/com/tainted/community/blackbox/CreatePostBlackBoxTest.java:[197,51] unreported exception java.sql.SQLException; must be caught or declared to be thrown
[ERROR] /home/baek/temp/campaign-ws/community/src/test/java/com/tainted/community/blackbox/CreatePostBlackBoxTest.java:[198,40] unreported exception java.sql.SQLException; must be caught or declared to be thrown
[ERROR] /home/baek/temp/campaign-ws/community/src/test/java/com/tainted/community/blackbox/CreatePostBlackBoxTest.java:[199,42] unreported exception java.sql.SQLException; must be caught or declared to be thrown
[ERROR] /home/baek/temp/campaign-ws/community/src/test/java/com/tainted/community/blackbox/CreatePostBlackBoxTest.java:[224,51] unreported exception java.lang.Exception; must be caught or declared to be thrown
[ERROR] /home/baek/temp/campaign-ws/community/src/test/java/com/tainted/community/blackbox/CreatePostBlackBoxTest.java:[225,62] unreported exception java.sql.SQLException; must be caught or declared to be thrown
[ERROR] /home/baek/temp/campaign-ws/community/src/test/java/com/tainted/community/blackbox/CreatePostBlackBoxTest.java:[224,29] unreported exception java.sql.SQLException; must be caught or declared to be thrown
[ERROR]   exception thrown from implicit call to close() on resource variable 'conn'
[ERROR] /home/baek/temp/campaign-ws/community/src/test/java/com/tainted/community/blackbox/CreatePostBlackBoxTest.java:[225,36] unreported exception java.sql.SQLException; must be caught or declared to be thrown
[ERROR]   exception thrown from implicit call to close() on resource variable 'ps'
[ERROR] /home/baek/temp/campaign-ws/community/src/test/java/com/tainted/community/blackbox/CreatePostBlackBoxTest.java:[227,29] unreported exception java.sql.SQLException; must be caught or declared to be thrown
[ERROR] /home/baek/temp/campaign-ws/community/src/test/java/com/tainted/community/blackbox/CreatePostBlackBoxTest.java:[228,47] unreported exception java.sql.SQLException; must be caught or declared to be thrown
[ERROR] /home/baek/temp/campaign-ws/community/src/test/java/com/tainted/community/blackbox/CreatePostBlackBoxTest.java:[229,35] unreported exception java.sql.SQLException; must be caught or declared to be thrown
[ERROR] /home/baek/temp/campaign-ws/community/src/test/java/com/tainted/community/blackbox/CreatePostBlackBoxTest.java:[230,52] unreported exception java.sql.SQLException; must be caught or declared to be thrown
[ERROR] /home/baek/temp/campaign-ws/community/src/test/java/com/tainted/community/blackbox/CreatePostBlackBoxTest.java:[231,48] unreported exception java.sql.SQLException; must be caught or declared to be thrown
[ERROR] -> [Help 1]
[ERROR] 
[ERROR] To see the full stack trace of the errors, re-run Maven with the -e switch.
[ERROR] Re-run Maven using the -X switch to enable full debug logging.
[ERROR] 
[ERROR] For more information about the errors and possible solutions, please read the following articles:
[ERROR] [Help 1] http://cwiki.apache.org/confluence/display/MAVEN/MojoFailureException

GATE: fail
