coverage OK
compile FAIL rc=1: R]   symbol:   variable ContentType
[ERROR]   location: class org.springframework.samples.petclinic.blackbox.PetUpdateBlackBoxTest
[ERROR] /home/baek/temp/campaign-ws/petclinic/src/test/java/org/springframework/samples/petclinic/blackbox/PetUpdateBlackBoxTest.java:[88,13] cannot find symbol
[ERROR]   symbol:   method given()
[ERROR]   location: class org.springframework.samples.petclinic.blackbox.PetUpdateBlackBoxTest
[ERROR] /home/baek/temp/campaign-ws/petclinic/src/test/java/org/springframework/samples/petclinic/blackbox/VetApiListBlackBoxTest.java:[52,30] cannot find symbol
[ERROR]   symbol:   variable ContentType
[ERROR]   location: class org.springframework.samples.petclinic.blackbox.VetApiListBlackBoxTest
[ERROR] /home/baek/temp/campaign-ws/petclinic/src/test/java/org/springframework/samples/petclinic/blackbox/VetApiListBlackBoxTest.java:[51,16] cannot find symbol
[ERROR]   symbol:   method given()
[ERROR]   location: class org.springframework.samples.petclinic.blackbox.VetApiListBlackBoxTest
[ERROR] /home/baek/temp/campaign-ws/petclinic/src/test/java/org/springframework/samples/petclinic/blackbox/VetApiListBlackBoxTest.java:[65,13] cannot find symbol
[ERROR]   symbol:   method given()
[ERROR]   location: class org.springframework.samples.petclinic.blackbox.VetApiListBlackBoxTest
[ERROR] /home/baek/temp/campaign-ws/petclinic/src/test/java/org/springframework/samples/petclinic/blackbox/VetApiListBlackBoxTest.java:[84,13] cannot find symbol
[ERROR]   symbol:   method given()
[ERROR]   location: class org.springframework.samples.petclinic.blackbox.VetApiListBlackBoxTest
[ERROR] /home/baek/temp/campaign-ws/petclinic/src/test/java/org/springframework/samples/petclinic/blackbox/VetApiListBlackBoxTest.java:[104,13] cannot find symbol
[ERROR]   symbol:   method given()
[ERROR]   location: class org.springframework.samples.petclinic.blackbox.VetApiListBlackBoxTest
[ERROR] /home/baek/temp/campaign-ws/petclinic/src/test/java/org/springframework/samples/petclinic/blackbox/VetGetBlackBoxTest.java:[50,30] cannot find symbol
[ERROR]   symbol:   variable ContentType
[ERROR]   location: class org.springframework.samples.petclinic.blackbox.VetGetBlackBoxTest
[ERROR] /home/baek/temp/campaign-ws/petclinic/src/test/java/org/springframework/samples/petclinic/blackbox/VetGetBlackBoxTest.java:[49,16] cannot find symbol
[ERROR]   symbol:   method given()
[ERROR]   location: class org.springframework.samples.petclinic.blackbox.VetGetBlackBoxTest
[ERROR] /home/baek/temp/campaign-ws/petclinic/src/test/java/org/springframework/samples/petclinic/blackbox/VetGetBlackBoxTest.java:[63,13] cannot find symbol
[ERROR]   symbol:   method given()
[ERROR]   location: class org.springframework.samples.petclinic.blackbox.VetGetBlackBoxTest
[ERROR] /home/baek/temp/campaign-ws/petclinic/src/test/java/org/springframework/samples/petclinic/blackbox/VetGetBlackBoxTest.java:[85,13] cannot find symbol
[ERROR]   symbol:   method given()
[ERROR]   location: class org.springframework.samples.petclinic.blackbox.VetGetBlackBoxTest
[ERROR] /home/baek/temp/campaign-ws/petclinic/src/test/java/org/springframework/samples/petclinic/blackbox/VetListBlackBoxTest.java:[56,13] cannot find symbol
[ERROR]   symbol:   method given()
[ERROR]   location: class org.springframework.samples.petclinic.blackbox.VetListBlackBoxTest
[ERROR] /home/baek/temp/campaign-ws/petclinic/src/test/java/org/springframework/samples/petclinic/blackbox/VetListBlackBoxTest.java:[74,13] cannot find symbol
[ERROR]   symbol:   method given()
[ERROR]   location: class org.springframework.samples.petclinic.blackbox.VetListBlackBoxTest
[ERROR] -> [Help 1]
[ERROR] 
[ERROR] To see the full stack trace of the errors, re-run Maven with the -e switch.
[ERROR] Re-run Maven using the -X switch to enable full debug logging.
[ERROR] 
[ERROR] For more information about the errors and possible solutions, please read the following articles:
[ERROR] [Help 1] http://cwiki.apache.org/confluence/display/MAVEN/MojoFailureException

GATE: fail
